Archive member included because of file (symbol)

c:/program files (x86)/gnu tools arm embedded/4.7 2013q3/bin/../lib/gcc/arm-none-eabi/4.7.4/../../../../arm-none-eabi/lib/armv7e-m\libg.a(lib_a-atoi.o)
                              ..\obj\eeprom.o (atoi)
c:/program files (x86)/gnu tools arm embedded/4.7 2013q3/bin/../lib/gcc/arm-none-eabi/4.7.4/../../../../arm-none-eabi/lib/armv7e-m\libg.a(lib_a-strtol.o)
                              c:/program files (x86)/gnu tools arm embedded/4.7 2013q3/bin/../lib/gcc/arm-none-eabi/4.7.4/../../../../arm-none-eabi/lib/armv7e-m\libg.a(lib_a-atoi.o) (_strtol_r)
c:/program files (x86)/gnu tools arm embedded/4.7 2013q3/bin/../lib/gcc/arm-none-eabi/4.7.4/../../../../arm-none-eabi/lib/armv7e-m\libg.a(lib_a-ctype_.o)
                              c:/program files (x86)/gnu tools arm embedded/4.7 2013q3/bin/../lib/gcc/arm-none-eabi/4.7.4/../../../../arm-none-eabi/lib/armv7e-m\libg.a(lib_a-strtol.o) (__ctype_ptr__)
c:/program files (x86)/gnu tools arm embedded/4.7 2013q3/bin/../lib/gcc/arm-none-eabi/4.7.4/../../../../arm-none-eabi/lib/armv7e-m\libg.a(lib_a-impure.o)
                              c:/program files (x86)/gnu tools arm embedded/4.7 2013q3/bin/../lib/gcc/arm-none-eabi/4.7.4/../../../../arm-none-eabi/lib/armv7e-m\libg.a(lib_a-strtol.o) (_impure_ptr)

Allocating common symbols
Common symbol       size              file

GPIO_InitStructure  0x8               ..\obj\lcd_hd44780.o

Discarded input sections

 .text          0x00000000        0x0 ..\obj\delay.o
 .data          0x00000000        0x0 ..\obj\delay.o
 .bss           0x00000000        0x0 ..\obj\delay.o
 .text.delay_4us
                0x00000000       0x34 ..\obj\delay.o
 .text          0x00000000        0x0 ..\obj\startup_stm32f4xx.o
 .data          0x00000000        0x0 ..\obj\startup_stm32f4xx.o
 .bss           0x00000000        0x0 ..\obj\startup_stm32f4xx.o
 .text          0x00000000        0x0 ..\obj\main.o
 .data          0x00000000        0x0 ..\obj\main.o
 .bss           0x00000000        0x0 ..\obj\main.o
 .text          0x00000000        0x0 ..\obj\stm32f4xx_rcc.o
 .bss           0x00000000        0x0 ..\obj\stm32f4xx_rcc.o
 .text.RCC_DeInit
                0x00000000       0x84 ..\obj\stm32f4xx_rcc.o
 .text.RCC_HSEConfig
                0x00000000       0x30 ..\obj\stm32f4xx_rcc.o
 .text.RCC_WaitForHSEStartUp
                0x00000000       0x64 ..\obj\stm32f4xx_rcc.o
 .text.RCC_AdjustHSICalibrationValue
                0x00000000       0x48 ..\obj\stm32f4xx_rcc.o
 .text.RCC_HSICmd
                0x00000000       0x20 ..\obj\stm32f4xx_rcc.o
 .text.RCC_LSEConfig
                0x00000000       0x60 ..\obj\stm32f4xx_rcc.o
 .text.RCC_LSICmd
                0x00000000       0x20 ..\obj\stm32f4xx_rcc.o
 .text.RCC_PLLConfig
                0x00000000       0x48 ..\obj\stm32f4xx_rcc.o
 .text.RCC_PLLCmd
                0x00000000       0x20 ..\obj\stm32f4xx_rcc.o
 .text.RCC_PLLI2SConfig
                0x00000000       0x30 ..\obj\stm32f4xx_rcc.o
 .text.RCC_PLLI2SCmd
                0x00000000       0x20 ..\obj\stm32f4xx_rcc.o
 .text.RCC_ClockSecuritySystemCmd
                0x00000000       0x20 ..\obj\stm32f4xx_rcc.o
 .text.RCC_MCO1Config
                0x00000000       0x48 ..\obj\stm32f4xx_rcc.o
 .text.RCC_MCO2Config
                0x00000000       0x48 ..\obj\stm32f4xx_rcc.o
 .text.RCC_SYSCLKConfig
                0x00000000       0x40 ..\obj\stm32f4xx_rcc.o
 .text.RCC_GetSYSCLKSource
                0x00000000       0x20 ..\obj\stm32f4xx_rcc.o
 .text.RCC_HCLKConfig
                0x00000000       0x40 ..\obj\stm32f4xx_rcc.o
 .text.RCC_PCLK1Config
                0x00000000       0x40 ..\obj\stm32f4xx_rcc.o
 .text.RCC_PCLK2Config
                0x00000000       0x44 ..\obj\stm32f4xx_rcc.o
 .text.RCC_RTCCLKConfig
                0x00000000       0x74 ..\obj\stm32f4xx_rcc.o
 .text.RCC_RTCCLKCmd
                0x00000000       0x20 ..\obj\stm32f4xx_rcc.o
 .text.RCC_BackupResetCmd
                0x00000000       0x20 ..\obj\stm32f4xx_rcc.o
 .text.RCC_I2SCLKConfig
                0x00000000       0x20 ..\obj\stm32f4xx_rcc.o
 .text.RCC_AHB2PeriphClockCmd
                0x00000000       0x54 ..\obj\stm32f4xx_rcc.o
 .text.RCC_AHB3PeriphClockCmd
                0x00000000       0x54 ..\obj\stm32f4xx_rcc.o
 .text.RCC_APB2PeriphClockCmd
                0x00000000       0x54 ..\obj\stm32f4xx_rcc.o
 .text.RCC_AHB1PeriphResetCmd
                0x00000000       0x54 ..\obj\stm32f4xx_rcc.o
 .text.RCC_AHB2PeriphResetCmd
                0x00000000       0x54 ..\obj\stm32f4xx_rcc.o
 .text.RCC_AHB3PeriphResetCmd
                0x00000000       0x54 ..\obj\stm32f4xx_rcc.o
 .text.RCC_APB2PeriphResetCmd
                0x00000000       0x54 ..\obj\stm32f4xx_rcc.o
 .text.RCC_AHB1PeriphClockLPModeCmd
                0x00000000       0x54 ..\obj\stm32f4xx_rcc.o
 .text.RCC_AHB2PeriphClockLPModeCmd
                0x00000000       0x54 ..\obj\stm32f4xx_rcc.o
 .text.RCC_AHB3PeriphClockLPModeCmd
                0x00000000       0x54 ..\obj\stm32f4xx_rcc.o
 .text.RCC_APB1PeriphClockLPModeCmd
                0x00000000       0x54 ..\obj\stm32f4xx_rcc.o
 .text.RCC_APB2PeriphClockLPModeCmd
                0x00000000       0x54 ..\obj\stm32f4xx_rcc.o
 .text.RCC_ITConfig
                0x00000000       0x60 ..\obj\stm32f4xx_rcc.o
 .text.RCC_GetFlagStatus
                0x00000000       0x90 ..\obj\stm32f4xx_rcc.o
 .text.RCC_ClearFlag
                0x00000000       0x24 ..\obj\stm32f4xx_rcc.o
 .text.RCC_GetITStatus
                0x00000000       0x40 ..\obj\stm32f4xx_rcc.o
 .text.RCC_ClearITPendingBit
                0x00000000       0x20 ..\obj\stm32f4xx_rcc.o
 .text          0x00000000        0x0 ..\obj\kbd_4x4.o
 .data          0x00000000        0x0 ..\obj\kbd_4x4.o
 .bss           0x00000000        0x0 ..\obj\kbd_4x4.o
 .text.Beep     0x00000000       0x60 ..\obj\kbd_4x4.o
 .text          0x00000000        0x0 ..\obj\lcd_hd44780.o
 .data          0x00000000        0x0 ..\obj\lcd_hd44780.o
 .bss           0x00000000        0x0 ..\obj\lcd_hd44780.o
 .text.lcdHalfByte
                0x00000000       0xbc ..\obj\lcd_hd44780.o
 .text.lcdFullByte
                0x00000000       0x94 ..\obj\lcd_hd44780.o
 .text.lcdCommand
                0x00000000       0x34 ..\obj\lcd_hd44780.o
 .text.lcdChr   0x00000000       0x2c ..\obj\lcd_hd44780.o
 .text.lcdCls   0x00000000       0x18 ..\obj\lcd_hd44780.o
 .text.lcdText  0x00000000       0x30 ..\obj\lcd_hd44780.o
 .text.lcdLocate
                0x00000000       0x34 ..\obj\lcd_hd44780.o
 .text.dec2hex  0x00000000       0x40 ..\obj\lcd_hd44780.o
 .text.lcdHex   0x00000000       0x44 ..\obj\lcd_hd44780.o
 .text.lcdValue
                0x00000000       0x68 ..\obj\lcd_hd44780.o
 .text.lcdByte  0x00000000      0x104 ..\obj\lcd_hd44780.o
 .rodata        0x00000000       0x2c ..\obj\lcd_hd44780.o
 .text.lcdInit  0x00000000       0xf0 ..\obj\lcd_hd44780.o
 .text.LCD_ReadNibble
                0x00000000       0xbc ..\obj\lcd_hd44780.o
 .text.LCD_ReadStatus
                0x00000000       0xec ..\obj\lcd_hd44780.o
 .text.LCD_WriteTextXY
                0x00000000       0x40 ..\obj\lcd_hd44780.o
 .text.LCD_WriteBinary
                0x00000000       0x58 ..\obj\lcd_hd44780.o
 .text.LCD_ShiftLeft
                0x00000000       0x10 ..\obj\lcd_hd44780.o
 .text.LCD_ShiftRight
                0x00000000       0x10 ..\obj\lcd_hd44780.o
 .text.LCD_SetUserChar
                0x00000000       0x58 ..\obj\lcd_hd44780.o
 .text.lcd_test
                0x00000000       0x20 ..\obj\lcd_hd44780.o
 .text          0x00000000        0x0 ..\obj\stm32f4xx_gpio.o
 .data          0x00000000        0x0 ..\obj\stm32f4xx_gpio.o
 .bss           0x00000000        0x0 ..\obj\stm32f4xx_gpio.o
 .text.GPIO_DeInit
                0x00000000      0x178 ..\obj\stm32f4xx_gpio.o
 .text.GPIO_StructInit
                0x00000000       0x3c ..\obj\stm32f4xx_gpio.o
 .text.GPIO_PinLockConfig
                0x00000000       0x44 ..\obj\stm32f4xx_gpio.o
 .text.GPIO_ReadInputData
                0x00000000       0x1c ..\obj\stm32f4xx_gpio.o
 .text.GPIO_ReadOutputDataBit
                0x00000000       0x3c ..\obj\stm32f4xx_gpio.o
 .text.GPIO_ReadOutputData
                0x00000000       0x1c ..\obj\stm32f4xx_gpio.o
 .text.GPIO_Write
                0x00000000       0x1c ..\obj\stm32f4xx_gpio.o
 .text.GPIO_ToggleBits
                0x00000000       0x24 ..\obj\stm32f4xx_gpio.o
 .text          0x00000000        0x0 ..\obj\system_stm32f4xx.o
 .data          0x00000000       0x14 ..\obj\system_stm32f4xx.o
 .bss           0x00000000        0x0 ..\obj\system_stm32f4xx.o
 .text.SystemInit
                0x00000000       0x94 ..\obj\system_stm32f4xx.o
 .text.SystemCoreClockUpdate
                0x00000000      0x170 ..\obj\system_stm32f4xx.o
 .text.SetSysClock
                0x00000000      0x188 ..\obj\system_stm32f4xx.o
 .debug_info    0x00000000      0x5f5 ..\obj\system_stm32f4xx.o
 .debug_abbrev  0x00000000      0x138 ..\obj\system_stm32f4xx.o
 .debug_loc     0x00000000       0x9c ..\obj\system_stm32f4xx.o
 .debug_aranges
                0x00000000       0x30 ..\obj\system_stm32f4xx.o
 .debug_ranges  0x00000000       0x20 ..\obj\system_stm32f4xx.o
 .debug_line    0x00000000      0x21e ..\obj\system_stm32f4xx.o
 .debug_str     0x00000000      0x37e ..\obj\system_stm32f4xx.o
 .comment       0x00000000       0x71 ..\obj\system_stm32f4xx.o
 .ARM.attributes
                0x00000000       0x33 ..\obj\system_stm32f4xx.o
 .debug_frame   0x00000000       0x64 ..\obj\system_stm32f4xx.o
 .text          0x00000000        0x0 ..\obj\IOToggle.o
 .data          0x00000000        0x0 ..\obj\IOToggle.o
 .bss           0x00000000        0x0 ..\obj\IOToggle.o
 .text.IOToggle
                0x00000000       0x9c ..\obj\IOToggle.o
 .text.Delay    0x00000000       0x2c ..\obj\IOToggle.o
 .debug_info    0x00000000      0x2d1 ..\obj\IOToggle.o
 .debug_abbrev  0x00000000      0x12a ..\obj\IOToggle.o
 .debug_loc     0x00000000       0x64 ..\obj\IOToggle.o
 .debug_aranges
                0x00000000       0x28 ..\obj\IOToggle.o
 .debug_ranges  0x00000000       0x18 ..\obj\IOToggle.o
 .debug_line    0x00000000      0x2c1 ..\obj\IOToggle.o
 .debug_str     0x00000000      0x326 ..\obj\IOToggle.o
 .comment       0x00000000       0x71 ..\obj\IOToggle.o
 .ARM.attributes
                0x00000000       0x33 ..\obj\IOToggle.o
 .debug_frame   0x00000000       0x48 ..\obj\IOToggle.o
 .text          0x00000000        0x0 ..\obj\stm32f4xx_i2c.o
 .data          0x00000000        0x0 ..\obj\stm32f4xx_i2c.o
 .bss           0x00000000        0x0 ..\obj\stm32f4xx_i2c.o
 .text.I2C_StructInit
                0x00000000       0x44 ..\obj\stm32f4xx_i2c.o
 .text.I2C_OwnAddress2Config
                0x00000000       0x44 ..\obj\stm32f4xx_i2c.o
 .text.I2C_DualAddressCmd
                0x00000000       0x40 ..\obj\stm32f4xx_i2c.o
 .text.I2C_GeneralCallCmd
                0x00000000       0x40 ..\obj\stm32f4xx_i2c.o
 .text.I2C_SoftwareResetCmd
                0x00000000       0x48 ..\obj\stm32f4xx_i2c.o
 .text.I2C_StretchClockCmd
                0x00000000       0x40 ..\obj\stm32f4xx_i2c.o
 .text.I2C_FastModeDutyCycleConfig
                0x00000000       0x40 ..\obj\stm32f4xx_i2c.o
 .text.I2C_NACKPositionConfig
                0x00000000       0x40 ..\obj\stm32f4xx_i2c.o
 .text.I2C_SMBusAlertConfig
                0x00000000       0x40 ..\obj\stm32f4xx_i2c.o
 .text.I2C_ARPCmd
                0x00000000       0x40 ..\obj\stm32f4xx_i2c.o
 .text.I2C_TransmitPEC
                0x00000000       0x40 ..\obj\stm32f4xx_i2c.o
 .text.I2C_PECPositionConfig
                0x00000000       0x40 ..\obj\stm32f4xx_i2c.o
 .text.I2C_CalculatePEC
                0x00000000       0x40 ..\obj\stm32f4xx_i2c.o
 .text.I2C_GetPEC
                0x00000000       0x24 ..\obj\stm32f4xx_i2c.o
 .text.I2C_DMACmd
                0x00000000       0x40 ..\obj\stm32f4xx_i2c.o
 .text.I2C_DMALastTransferCmd
                0x00000000       0x40 ..\obj\stm32f4xx_i2c.o
 .text.I2C_ReadRegister
                0x00000000       0x30 ..\obj\stm32f4xx_i2c.o
 .text.I2C_ITConfig
                0x00000000       0x48 ..\obj\stm32f4xx_i2c.o
 .text.I2C_GetLastEvent
                0x00000000       0x4c ..\obj\stm32f4xx_i2c.o
 .text.I2C_GetFlagStatus
                0x00000000       0x78 ..\obj\stm32f4xx_i2c.o
 .text.I2C_ClearFlag
                0x00000000       0x30 ..\obj\stm32f4xx_i2c.o
 .text.I2C_GetITStatus
                0x00000000       0x64 ..\obj\stm32f4xx_i2c.o
 .text.I2C_ClearITPendingBit
                0x00000000       0x30 ..\obj\stm32f4xx_i2c.o
 .text          0x00000000        0x0 ..\obj\misc.o
 .data          0x00000000        0x0 ..\obj\misc.o
 .bss           0x00000000        0x0 ..\obj\misc.o
 .text.NVIC_PriorityGroupConfig
                0x00000000       0x28 ..\obj\misc.o
 .text.NVIC_Init
                0x00000000       0xe4 ..\obj\misc.o
 .text.NVIC_SetVectorTable
                0x00000000       0x2c ..\obj\misc.o
 .text.NVIC_SystemLPConfig
                0x00000000       0x54 ..\obj\misc.o
 .text.SysTick_CLKSourceConfig
                0x00000000       0x4c ..\obj\misc.o
 .debug_info    0x00000000      0x592 ..\obj\misc.o
 .debug_abbrev  0x00000000      0x129 ..\obj\misc.o
 .debug_loc     0x00000000      0x118 ..\obj\misc.o
 .debug_aranges
                0x00000000       0x40 ..\obj\misc.o
 .debug_ranges  0x00000000       0x30 ..\obj\misc.o
 .debug_line    0x00000000      0x2dc ..\obj\misc.o
 .debug_str     0x00000000      0x3ad ..\obj\misc.o
 .comment       0x00000000       0x71 ..\obj\misc.o
 .ARM.attributes
                0x00000000       0x33 ..\obj\misc.o
 .debug_frame   0x00000000       0x9c ..\obj\misc.o
 .text          0x00000000        0x0 ..\obj\eeprom.o
 .data          0x00000000        0x0 ..\obj\eeprom.o
 .bss           0x00000000        0x0 ..\obj\eeprom.o
 .text.porownaj_id
                0x00000000       0x68 ..\obj\eeprom.o
 .text.Write_24Cxx
                0x00000000      0x1e8 ..\obj\eeprom.o
 .text          0x00000000        0x0 c:/program files (x86)/gnu tools arm embedded/4.7 2013q3/bin/../lib/gcc/arm-none-eabi/4.7.4/../../../../arm-none-eabi/lib/armv7e-m\libg.a(lib_a-atoi.o)
 .data          0x00000000        0x0 c:/program files (x86)/gnu tools arm embedded/4.7 2013q3/bin/../lib/gcc/arm-none-eabi/4.7.4/../../../../arm-none-eabi/lib/armv7e-m\libg.a(lib_a-atoi.o)
 .bss           0x00000000        0x0 c:/program files (x86)/gnu tools arm embedded/4.7 2013q3/bin/../lib/gcc/arm-none-eabi/4.7.4/../../../../arm-none-eabi/lib/armv7e-m\libg.a(lib_a-atoi.o)
 .text._atoi_r  0x00000000        0x8 c:/program files (x86)/gnu tools arm embedded/4.7 2013q3/bin/../lib/gcc/arm-none-eabi/4.7.4/../../../../arm-none-eabi/lib/armv7e-m\libg.a(lib_a-atoi.o)
 .text          0x00000000        0x0 c:/program files (x86)/gnu tools arm embedded/4.7 2013q3/bin/../lib/gcc/arm-none-eabi/4.7.4/../../../../arm-none-eabi/lib/armv7e-m\libg.a(lib_a-strtol.o)
 .data          0x00000000        0x0 c:/program files (x86)/gnu tools arm embedded/4.7 2013q3/bin/../lib/gcc/arm-none-eabi/4.7.4/../../../../arm-none-eabi/lib/armv7e-m\libg.a(lib_a-strtol.o)
 .bss           0x00000000        0x0 c:/program files (x86)/gnu tools arm embedded/4.7 2013q3/bin/../lib/gcc/arm-none-eabi/4.7.4/../../../../arm-none-eabi/lib/armv7e-m\libg.a(lib_a-strtol.o)
 .text          0x00000000        0x0 c:/program files (x86)/gnu tools arm embedded/4.7 2013q3/bin/../lib/gcc/arm-none-eabi/4.7.4/../../../../arm-none-eabi/lib/armv7e-m\libg.a(lib_a-ctype_.o)
 .data          0x00000000        0x0 c:/program files (x86)/gnu tools arm embedded/4.7 2013q3/bin/../lib/gcc/arm-none-eabi/4.7.4/../../../../arm-none-eabi/lib/armv7e-m\libg.a(lib_a-ctype_.o)
 .bss           0x00000000        0x0 c:/program files (x86)/gnu tools arm embedded/4.7 2013q3/bin/../lib/gcc/arm-none-eabi/4.7.4/../../../../arm-none-eabi/lib/armv7e-m\libg.a(lib_a-ctype_.o)
 .text          0x00000000        0x0 c:/program files (x86)/gnu tools arm embedded/4.7 2013q3/bin/../lib/gcc/arm-none-eabi/4.7.4/../../../../arm-none-eabi/lib/armv7e-m\libg.a(lib_a-impure.o)
 .data          0x00000000        0x0 c:/program files (x86)/gnu tools arm embedded/4.7 2013q3/bin/../lib/gcc/arm-none-eabi/4.7.4/../../../../arm-none-eabi/lib/armv7e-m\libg.a(lib_a-impure.o)
 .bss           0x00000000        0x0 c:/program files (x86)/gnu tools arm embedded/4.7 2013q3/bin/../lib/gcc/arm-none-eabi/4.7.4/../../../../arm-none-eabi/lib/armv7e-m\libg.a(lib_a-impure.o)
 .rodata._global_impure_ptr
                0x00000000        0x4 c:/program files (x86)/gnu tools arm embedded/4.7 2013q3/bin/../lib/gcc/arm-none-eabi/4.7.4/../../../../arm-none-eabi/lib/armv7e-m\libg.a(lib_a-impure.o)

Memory Configuration

Name             Origin             Length             Attributes
rom              0x08000000         0x00100000         xr
ram              0x20000000         0x00020000         xrw
ram1             0x10000000         0x00010000         xrw
*default*        0x00000000         0xffffffff

Linker script and memory map

                0x20020000                _eram = 0x20020000

.text           0x08000000     0x1b58
 *(.isr_vector .isr_vector.*)
 .isr_vector    0x08000000      0x188 ..\obj\startup_stm32f4xx.o
                0x08000000                g_pfnVectors
 *(.text .text.* .gnu.linkonce.t.*)
 .text.delay_ms
                0x08000188       0x2c ..\obj\delay.o
                0x08000188                delay_ms
 .text.delay_1ms
                0x080001b4       0x34 ..\obj\delay.o
                0x080001b4                delay_1ms
 .text.delay_x10us
                0x080001e8       0x2c ..\obj\delay.o
                0x080001e8                delay_x10us
 .text.delay_10us
                0x08000214       0x30 ..\obj\delay.o
                0x08000214                delay_10us
 .text.Default_Reset_Handler
                0x08000244       0x6c ..\obj\startup_stm32f4xx.o
                0x08000244                Default_Reset_Handler
                0x08000244                Reset_Handler
 .text.Default_Handler
                0x080002b0        0x8 ..\obj\startup_stm32f4xx.o
                0x080002b0                RTC_Alarm_IRQHandler
                0x080002b0                HASH_RNG_IRQHandler
                0x080002b0                EXTI2_IRQHandler
                0x080002b0                TIM8_CC_IRQHandler
                0x080002b0                DebugMon_Handler
                0x080002b0                TIM1_CC_IRQHandler
                0x080002b0                DMA2_Stream5_IRQHandler
                0x080002b0                HardFault_Handler
                0x080002b0                DMA1_Stream5_IRQHandler
                0x080002b0                SysTick_Handler
                0x080002b0                PVD_IRQHandler
                0x080002b0                SDIO_IRQHandler
                0x080002b0                TAMP_STAMP_IRQHandler
                0x080002b0                PendSV_Handler
                0x080002b0                NMI_Handler
                0x080002b0                CAN2_RX1_IRQHandler
                0x080002b0                EXTI3_IRQHandler
                0x080002b0                TIM8_TRG_COM_TIM14_IRQHandler
                0x080002b0                TIM1_UP_TIM10_IRQHandler
                0x080002b0                TIM8_UP_TIM13_IRQHandler
                0x080002b0                I2C3_ER_IRQHandler
                0x080002b0                EXTI0_IRQHandler
                0x080002b0                I2C2_EV_IRQHandler
                0x080002b0                DMA1_Stream2_IRQHandler
                0x080002b0                CAN1_RX0_IRQHandler
                0x080002b0                FPU_IRQHandler
                0x080002b0                OTG_HS_WKUP_IRQHandler
                0x080002b0                UsageFault_Handler
                0x080002b0                CAN2_SCE_IRQHandler
                0x080002b0                DMA2_Stream2_IRQHandler
                0x080002b0                SPI1_IRQHandler
                0x080002b0                TIM6_DAC_IRQHandler
                0x080002b0                TIM1_BRK_TIM9_IRQHandler
                0x080002b0                DCMI_IRQHandler
                0x080002b0                CAN2_RX0_IRQHandler
                0x080002b0                DMA2_Stream3_IRQHandler
                0x080002b0                USART6_IRQHandler
                0x080002b0                USART3_IRQHandler
                0x080002b0                CRYP_IRQHandler
                0x080002b0                CAN1_RX1_IRQHandler
                0x080002b0                UART5_IRQHandler
                0x080002b0                DMA2_Stream0_IRQHandler
                0x080002b0                TIM4_IRQHandler
                0x080002b0                I2C1_EV_IRQHandler
                0x080002b0                DMA1_Stream6_IRQHandler
                0x080002b0                DMA1_Stream1_IRQHandler
                0x080002b0                UART4_IRQHandler
                0x080002b0                TIM3_IRQHandler
                0x080002b0                RCC_IRQHandler
                0x080002b0                TIM8_BRK_TIM12_IRQHandler
                0x080002b0                EXTI15_10_IRQHandler
                0x080002b0                ADC_IRQHandler
                0x080002b0                DMA1_Stream7_IRQHandler
                0x080002b0                TIM7_IRQHandler
                0x080002b0                CAN2_TX_IRQHandler
                0x080002b0                TIM5_IRQHandler
                0x080002b0                DMA2_Stream7_IRQHandler
                0x080002b0                I2C3_EV_IRQHandler
                0x080002b0                EXTI9_5_IRQHandler
                0x080002b0                RTC_WKUP_IRQHandler
                0x080002b0                ETH_WKUP_IRQHandler
                0x080002b0                SPI2_IRQHandler
                0x080002b0                OTG_HS_EP1_IN_IRQHandler
                0x080002b0                MemManage_Handler
                0x080002b0                DMA1_Stream0_IRQHandler
                0x080002b0                CAN1_TX_IRQHandler
                0x080002b0                SVC_Handler
                0x080002b0                EXTI4_IRQHandler
                0x080002b0                FSMC_IRQHandler
                0x080002b0                ETH_IRQHandler
                0x080002b0                OTG_HS_EP1_OUT_IRQHandler
                0x080002b0                WWDG_IRQHandler
                0x080002b0                TIM2_IRQHandler
                0x080002b0                OTG_FS_WKUP_IRQHandler
                0x080002b0                TIM1_TRG_COM_TIM11_IRQHandler
                0x080002b0                OTG_HS_IRQHandler
                0x080002b0                EXTI1_IRQHandler
                0x080002b0                USART2_IRQHandler
                0x080002b0                I2C2_ER_IRQHandler
                0x080002b0                DMA2_Stream1_IRQHandler
                0x080002b0                CAN1_SCE_IRQHandler
                0x080002b0                FLASH_IRQHandler
                0x080002b0                DMA2_Stream4_IRQHandler
                0x080002b0                BusFault_Handler
                0x080002b0                USART1_IRQHandler
                0x080002b0                OTG_FS_IRQHandler
                0x080002b0                SPI3_IRQHandler
                0x080002b0                DMA1_Stream4_IRQHandler
                0x080002b0                I2C1_ER_IRQHandler
                0x080002b0                DMA2_Stream6_IRQHandler
                0x080002b0                DMA1_Stream3_IRQHandler
 .text.main     0x080002b8       0xb4 ..\obj\main.o
                0x080002b8                main
 .text.RCC_GetClocksFreq
                0x0800036c      0x1cc ..\obj\stm32f4xx_rcc.o
                0x0800036c                RCC_GetClocksFreq
 .text.RCC_AHB1PeriphClockCmd
                0x08000538       0x54 ..\obj\stm32f4xx_rcc.o
                0x08000538                RCC_AHB1PeriphClockCmd
 .text.RCC_APB1PeriphClockCmd
                0x0800058c       0x54 ..\obj\stm32f4xx_rcc.o
                0x0800058c                RCC_APB1PeriphClockCmd
 .text.RCC_APB1PeriphResetCmd
                0x080005e0       0x54 ..\obj\stm32f4xx_rcc.o
                0x080005e0                RCC_APB1PeriphResetCmd
 .text.KBD_Init
                0x08000634       0x84 ..\obj\kbd_4x4.o
                0x08000634                KBD_Init
 .text.Beep_KBD
                0x080006b8       0x60 ..\obj\kbd_4x4.o
                0x080006b8                Beep_KBD
 .text.Zamek1_On
                0x08000718       0x2c ..\obj\kbd_4x4.o
                0x08000718                Zamek1_On
 .text.KBD_ReadKey
                0x08000744      0x120 ..\obj\kbd_4x4.o
                0x08000744                KBD_ReadKey
 .text.LCD_WriteNibble
                0x08000864       0xa4 ..\obj\lcd_hd44780.o
                0x08000864                LCD_WriteNibble
 .text.LCD_WriteData
                0x08000908       0x60 ..\obj\lcd_hd44780.o
                0x08000908                LCD_WriteData
 .text.LCD_WriteCommand
                0x08000968       0x4c ..\obj\lcd_hd44780.o
                0x08000968                LCD_WriteCommand
 .text.LCD_WriteText
                0x080009b4       0x2c ..\obj\lcd_hd44780.o
                0x080009b4                LCD_WriteText
 .text.LCD_GoTo
                0x080009e0       0x34 ..\obj\lcd_hd44780.o
                0x080009e0                LCD_GoTo
 .text.LCD_PinInit
                0x08000a14       0x68 ..\obj\lcd_hd44780.o
                0x08000a14                LCD_PinInit
 .text.LCD_Initialize
                0x08000a7c       0x94 ..\obj\lcd_hd44780.o
                0x08000a7c                LCD_Initialize
 .text.GPIO_Init
                0x08000b10      0x144 ..\obj\stm32f4xx_gpio.o
                0x08000b10                GPIO_Init
 .text.GPIO_ReadInputDataBit
                0x08000c54       0x3c ..\obj\stm32f4xx_gpio.o
                0x08000c54                GPIO_ReadInputDataBit
 .text.GPIO_SetBits
                0x08000c90       0x1c ..\obj\stm32f4xx_gpio.o
                0x08000c90                GPIO_SetBits
 .text.GPIO_ResetBits
                0x08000cac       0x1c ..\obj\stm32f4xx_gpio.o
                0x08000cac                GPIO_ResetBits
 .text.GPIO_WriteBit
                0x08000cc8       0x30 ..\obj\stm32f4xx_gpio.o
                0x08000cc8                GPIO_WriteBit
 .text.GPIO_PinAFConfig
                0x08000cf8       0xa8 ..\obj\stm32f4xx_gpio.o
                0x08000cf8                GPIO_PinAFConfig
 .text.I2C_DeInit
                0x08000da0       0x88 ..\obj\stm32f4xx_i2c.o
                0x08000da0                I2C_DeInit
 .text.I2C_Init
                0x08000e28      0x1ac ..\obj\stm32f4xx_i2c.o
                0x08000e28                I2C_Init
 .text.I2C_Cmd  0x08000fd4       0x40 ..\obj\stm32f4xx_i2c.o
                0x08000fd4                I2C_Cmd
 .text.I2C_GenerateSTART
                0x08001014       0x40 ..\obj\stm32f4xx_i2c.o
                0x08001014                I2C_GenerateSTART
 .text.I2C_GenerateSTOP
                0x08001054       0x40 ..\obj\stm32f4xx_i2c.o
                0x08001054                I2C_GenerateSTOP
 .text.I2C_Send7bitAddress
                0x08001094       0x3c ..\obj\stm32f4xx_i2c.o
                0x08001094                I2C_Send7bitAddress
 .text.I2C_AcknowledgeConfig
                0x080010d0       0x40 ..\obj\stm32f4xx_i2c.o
                0x080010d0                I2C_AcknowledgeConfig
 .text.I2C_SendData
                0x08001110       0x20 ..\obj\stm32f4xx_i2c.o
                0x08001110                I2C_SendData
 .text.I2C_ReceiveData
                0x08001130       0x1c ..\obj\stm32f4xx_i2c.o
                0x08001130                I2C_ReceiveData
 .text.I2C_CheckEvent
                0x0800114c       0x70 ..\obj\stm32f4xx_i2c.o
                0x0800114c                I2C_CheckEvent
 .text.wyswietl_gwiazdki
                0x080011bc       0x40 ..\obj\eeprom.o
                0x080011bc                wyswietl_gwiazdki
 .text.adres    0x080011fc       0x1c ..\obj\eeprom.o
                0x080011fc                adres
 .text.znajdz_id
                0x08001218       0xd8 ..\obj\eeprom.o
                0x08001218                znajdz_id
 .text.wczytaj_haslo
                0x080012f0      0x11c ..\obj\eeprom.o
                0x080012f0                wczytaj_haslo
 .text.wczytaj_id
                0x0800140c       0x88 ..\obj\eeprom.o
                0x0800140c                wczytaj_id
 .text.init_I2C1
                0x08001494      0x148 ..\obj\eeprom.o
                0x08001494                init_I2C1
 .text.Read_24Cxx
                0x080015dc      0x29c ..\obj\eeprom.o
                0x080015dc                Read_24Cxx
 .text.atoi     0x08001878        0x8 c:/program files (x86)/gnu tools arm embedded/4.7 2013q3/bin/../lib/gcc/arm-none-eabi/4.7.4/../../../../arm-none-eabi/lib/armv7e-m\libg.a(lib_a-atoi.o)
                0x08001878                atoi
 .text._strtol_r
                0x08001880      0x134 c:/program files (x86)/gnu tools arm embedded/4.7 2013q3/bin/../lib/gcc/arm-none-eabi/4.7.4/../../../../arm-none-eabi/lib/armv7e-m\libg.a(lib_a-strtol.o)
                0x08001880                _strtol_r
 .text.strtol   0x080019b4       0x1c c:/program files (x86)/gnu tools arm embedded/4.7 2013q3/bin/../lib/gcc/arm-none-eabi/4.7.4/../../../../arm-none-eabi/lib/armv7e-m\libg.a(lib_a-strtol.o)
                0x080019b4                strtol
 *(.glue_7t)
 .glue_7t       0x00000000        0x0 linker stubs
 *(.glue_7)
 .glue_7        0x00000000        0x0 linker stubs
 *(.rodata .rodata* .gnu.linkonce.r.*)
 .rodata        0x080019d0       0x3c ..\obj\main.o
 .rodata        0x08001a0c       0x20 ..\obj\kbd_4x4.o
                0x08001a0c                keyMap
                0x08001a1c                GPIORows
                0x08001a24                GPIOCols
 .rodata        0x08001a2c       0x24 ..\obj\eeprom.o
 .rodata._ctype_
                0x08001a50      0x104 c:/program files (x86)/gnu tools arm embedded/4.7 2013q3/bin/../lib/gcc/arm-none-eabi/4.7.4/../../../../arm-none-eabi/lib/armv7e-m\libg.a(lib_a-ctype_.o)
                0x08001a50                _ctype_
 .rodata.str1.4
                0x08001b54        0x4 c:/program files (x86)/gnu tools arm embedded/4.7 2013q3/bin/../lib/gcc/arm-none-eabi/4.7.4/../../../../arm-none-eabi/lib/armv7e-m\libg.a(lib_a-impure.o)

.vfp11_veneer   0x08001b58        0x0
 .vfp11_veneer  0x00000000        0x0 linker stubs

.v4_bx          0x08001b58        0x0
 .v4_bx         0x00000000        0x0 linker stubs

.iplt           0x08001b58        0x0
 .iplt          0x00000000        0x0 ..\obj\delay.o

.rel.dyn        0x08001b58        0x0
 .rel.iplt      0x00000000        0x0 ..\obj\delay.o

.ARM.extab
 *(.ARM.extab* .gnu.linkonce.armextab.*)
                0x08001b58                __exidx_start = .

.ARM.exidx
 *(.ARM.exidx* .gnu.linkonce.armexidx.*)
                0x08001b58                __exidx_end = .
                0x08001b58                . = ALIGN (0x4)
                0x08001b58                _etext = .
                0x08001b58                _sidata = .

.data           0x20000000      0x444 load address 0x08001b58
                0x20000000                _sdata = .
 *(.data .data.*)
 .data          0x20000000       0x10 ..\obj\stm32f4xx_rcc.o
 .data.__ctype_ptr__
                0x20000010        0x4 c:/program files (x86)/gnu tools arm embedded/4.7 2013q3/bin/../lib/gcc/arm-none-eabi/4.7.4/../../../../arm-none-eabi/lib/armv7e-m\libg.a(lib_a-ctype_.o)
                0x20000010                __ctype_ptr__
 *fill*         0x20000014        0x4 00
 .data.impure_data
                0x20000018      0x428 c:/program files (x86)/gnu tools arm embedded/4.7 2013q3/bin/../lib/gcc/arm-none-eabi/4.7.4/../../../../arm-none-eabi/lib/armv7e-m\libg.a(lib_a-impure.o)
 .data._impure_ptr
                0x20000440        0x4 c:/program files (x86)/gnu tools arm embedded/4.7 2013q3/bin/../lib/gcc/arm-none-eabi/4.7.4/../../../../arm-none-eabi/lib/armv7e-m\libg.a(lib_a-impure.o)
                0x20000440                _impure_ptr
                0x20000444                . = ALIGN (0x4)
                0x20000444                _edata = .

.igot.plt       0x20000444        0x0 load address 0x08001f9c
 .igot.plt      0x00000000        0x0 ..\obj\delay.o

.bss            0x20000444        0x8 load address 0x08001f9c
                0x20000444                _sbss = .
 *(.bss .bss.*)
 *(COMMON)
 COMMON         0x20000444        0x8 ..\obj\lcd_hd44780.o
                0x20000444                GPIO_InitStructure
                0x2000044c                . = ALIGN (0x4)
                0x2000044c                _ebss = .

.co_stack       0x2000044c      0x804 load address 0x08001fa4
                0x20000450                . = ALIGN (0x8)
 *fill*         0x2000044c        0x4 00
 *(.co_stack .co_stack.*)
 .co_stack      0x20000450      0x800 ..\obj\startup_stm32f4xx.o
                0x20000450                pulStack
                0x20000c50                . = ALIGN (0x4)
                0x20000c50                _end = .
LOAD ..\obj\delay.o
LOAD ..\obj\startup_stm32f4xx.o
LOAD ..\obj\main.o
LOAD ..\obj\stm32f4xx_rcc.o
LOAD ..\obj\kbd_4x4.o
LOAD ..\obj\lcd_hd44780.o
LOAD ..\obj\stm32f4xx_gpio.o
LOAD ..\obj\system_stm32f4xx.o
LOAD ..\obj\IOToggle.o
LOAD ..\obj\stm32f4xx_i2c.o
LOAD ..\obj\misc.o
LOAD ..\obj\eeprom.o
START GROUP
LOAD c:/program files (x86)/gnu tools arm embedded/4.7 2013q3/bin/../lib/gcc/arm-none-eabi/4.7.4/armv7e-m\libgcc.a
LOAD c:/program files (x86)/gnu tools arm embedded/4.7 2013q3/bin/../lib/gcc/arm-none-eabi/4.7.4/../../../../arm-none-eabi/lib/armv7e-m\libg.a
LOAD c:/program files (x86)/gnu tools arm embedded/4.7 2013q3/bin/../lib/gcc/arm-none-eabi/4.7.4/../../../../arm-none-eabi/lib/armv7e-m\libc.a
END GROUP
OUTPUT(TestIO.elf elf32-littlearm)

.debug_info     0x00000000     0x355d
 .debug_info    0x00000000      0x185 ..\obj\delay.o
 .debug_info    0x00000185      0x103 ..\obj\startup_stm32f4xx.o
 .debug_info    0x00000288       0xf4 ..\obj\main.o
 .debug_info    0x0000037c      0xd49 ..\obj\stm32f4xx_rcc.o
 .debug_info    0x000010c5      0x3ae ..\obj\kbd_4x4.o
 .debug_info    0x00001473      0x738 ..\obj\lcd_hd44780.o
 .debug_info    0x00001bab      0x640 ..\obj\stm32f4xx_gpio.o
 .debug_info    0x000021eb      0xbab ..\obj\stm32f4xx_i2c.o
 .debug_info    0x00002d96      0x7c7 ..\obj\eeprom.o

.debug_abbrev   0x00000000      0xc2b
 .debug_abbrev  0x00000000       0xb0 ..\obj\delay.o
 .debug_abbrev  0x000000b0       0xb2 ..\obj\startup_stm32f4xx.o
 .debug_abbrev  0x00000162       0x90 ..\obj\main.o
 .debug_abbrev  0x000001f2      0x1e5 ..\obj\stm32f4xx_rcc.o
 .debug_abbrev  0x000003d7      0x14f ..\obj\kbd_4x4.o
 .debug_abbrev  0x00000526      0x21f ..\obj\lcd_hd44780.o
 .debug_abbrev  0x00000745      0x1a5 ..\obj\stm32f4xx_gpio.o
 .debug_abbrev  0x000008ea      0x166 ..\obj\stm32f4xx_i2c.o
 .debug_abbrev  0x00000a50      0x1db ..\obj\eeprom.o

.debug_loc      0x00000000     0x1e28
 .debug_loc     0x00000000      0x118 ..\obj\delay.o
 .debug_loc     0x00000118       0x64 ..\obj\startup_stm32f4xx.o
 .debug_loc     0x0000017c       0x38 ..\obj\main.o
 .debug_loc     0x000001b4      0x97c ..\obj\stm32f4xx_rcc.o
 .debug_loc     0x00000b30      0x10c ..\obj\kbd_4x4.o
 .debug_loc     0x00000c3c      0x5ac ..\obj\lcd_hd44780.o
 .debug_loc     0x000011e8      0x310 ..\obj\stm32f4xx_gpio.o
 .debug_loc     0x000014f8      0x738 ..\obj\stm32f4xx_i2c.o
 .debug_loc     0x00001c30      0x1f8 ..\obj\eeprom.o

.debug_aranges  0x00000000      0x538
 .debug_aranges
                0x00000000       0x40 ..\obj\delay.o
 .debug_aranges
                0x00000040       0x28 ..\obj\startup_stm32f4xx.o
 .debug_aranges
                0x00000068       0x20 ..\obj\main.o
 .debug_aranges
                0x00000088      0x178 ..\obj\stm32f4xx_rcc.o
 .debug_aranges
                0x00000200       0x40 ..\obj\kbd_4x4.o
 .debug_aranges
                0x00000240       0xf0 ..\obj\lcd_hd44780.o
 .debug_aranges
                0x00000330       0x88 ..\obj\stm32f4xx_gpio.o
 .debug_aranges
                0x000003b8      0x120 ..\obj\stm32f4xx_i2c.o
 .debug_aranges
                0x000004d8       0x60 ..\obj\eeprom.o

.debug_ranges   0x00000000      0x4a8
 .debug_ranges  0x00000000       0x30 ..\obj\delay.o
 .debug_ranges  0x00000030       0x18 ..\obj\startup_stm32f4xx.o
 .debug_ranges  0x00000048       0x10 ..\obj\main.o
 .debug_ranges  0x00000058      0x168 ..\obj\stm32f4xx_rcc.o
 .debug_ranges  0x000001c0       0x30 ..\obj\kbd_4x4.o
 .debug_ranges  0x000001f0       0xe0 ..\obj\lcd_hd44780.o
 .debug_ranges  0x000002d0       0x78 ..\obj\stm32f4xx_gpio.o
 .debug_ranges  0x00000348      0x110 ..\obj\stm32f4xx_i2c.o
 .debug_ranges  0x00000458       0x50 ..\obj\eeprom.o

.debug_line     0x00000000     0x21db
 .debug_line    0x00000000      0x1f9 ..\obj\delay.o
 .debug_line    0x000001f9       0xd2 ..\obj\startup_stm32f4xx.o
 .debug_line    0x000002cb      0x20f ..\obj\main.o
 .debug_line    0x000004da      0x632 ..\obj\stm32f4xx_rcc.o
 .debug_line    0x00000b0c      0x347 ..\obj\kbd_4x4.o
 .debug_line    0x00000e53      0x58e ..\obj\lcd_hd44780.o
 .debug_line    0x000013e1      0x3d6 ..\obj\stm32f4xx_gpio.o
 .debug_line    0x000017b7      0x573 ..\obj\stm32f4xx_i2c.o
 .debug_line    0x00001d2a      0x4b1 ..\obj\eeprom.o

.debug_str      0x00000000     0x1578
 .debug_str     0x00000000      0x163 ..\obj\delay.o
                                0x19f (size before relaxing)
 .debug_str     0x00000163       0xe1 ..\obj\startup_stm32f4xx.o
                                0x145 (size before relaxing)
 .debug_str     0x00000244       0x86 ..\obj\main.o
                                0x17f (size before relaxing)
 .debug_str     0x000002ca      0x6de ..\obj\stm32f4xx_rcc.o
                                0x824 (size before relaxing)
 .debug_str     0x000009a8      0x250 ..\obj\kbd_4x4.o
                                0x352 (size before relaxing)
 .debug_str     0x00000bf8      0x20d ..\obj\lcd_hd44780.o
                                0x4ae (size before relaxing)
 .debug_str     0x00000e05      0x1c2 ..\obj\stm32f4xx_gpio.o
                                0x477 (size before relaxing)
 .debug_str     0x00000fc7      0x41b ..\obj\stm32f4xx_i2c.o
                                0x639 (size before relaxing)
 .debug_str     0x000013e2      0x196 ..\obj\eeprom.o
                                0x546 (size before relaxing)

.comment        0x00000000       0x70
 .comment       0x00000000       0x70 ..\obj\delay.o
                                 0x71 (size before relaxing)
 .comment       0x00000000       0x71 ..\obj\startup_stm32f4xx.o
 .comment       0x00000000       0x71 ..\obj\main.o
 .comment       0x00000000       0x71 ..\obj\stm32f4xx_rcc.o
 .comment       0x00000000       0x71 ..\obj\kbd_4x4.o
 .comment       0x00000000       0x71 ..\obj\lcd_hd44780.o
 .comment       0x00000000       0x71 ..\obj\stm32f4xx_gpio.o
 .comment       0x00000000       0x71 ..\obj\stm32f4xx_i2c.o
 .comment       0x00000000       0x71 ..\obj\eeprom.o

.ARM.attributes
                0x00000000       0x33
 .ARM.attributes
                0x00000000       0x33 ..\obj\delay.o
 .ARM.attributes
                0x00000033       0x33 ..\obj\startup_stm32f4xx.o
 .ARM.attributes
                0x00000066       0x33 ..\obj\main.o
 .ARM.attributes
                0x00000099       0x33 ..\obj\stm32f4xx_rcc.o
 .ARM.attributes
                0x000000cc       0x33 ..\obj\kbd_4x4.o
 .ARM.attributes
                0x000000ff       0x33 ..\obj\lcd_hd44780.o
 .ARM.attributes
                0x00000132       0x33 ..\obj\stm32f4xx_gpio.o
 .ARM.attributes
                0x00000165       0x33 ..\obj\stm32f4xx_i2c.o
 .ARM.attributes
                0x00000198       0x33 ..\obj\eeprom.o
 .ARM.attributes
                0x000001cb       0x2e c:/program files (x86)/gnu tools arm embedded/4.7 2013q3/bin/../lib/gcc/arm-none-eabi/4.7.4/../../../../arm-none-eabi/lib/armv7e-m\libg.a(lib_a-atoi.o)
 .ARM.attributes
                0x000001f9       0x2e c:/program files (x86)/gnu tools arm embedded/4.7 2013q3/bin/../lib/gcc/arm-none-eabi/4.7.4/../../../../arm-none-eabi/lib/armv7e-m\libg.a(lib_a-strtol.o)
 .ARM.attributes
                0x00000227       0x2e c:/program files (x86)/gnu tools arm embedded/4.7 2013q3/bin/../lib/gcc/arm-none-eabi/4.7.4/../../../../arm-none-eabi/lib/armv7e-m\libg.a(lib_a-ctype_.o)
 .ARM.attributes
                0x00000255       0x2e c:/program files (x86)/gnu tools arm embedded/4.7 2013q3/bin/../lib/gcc/arm-none-eabi/4.7.4/../../../../arm-none-eabi/lib/armv7e-m\libg.a(lib_a-impure.o)

.debug_frame    0x00000000     0x10f8
 .debug_frame   0x00000000       0xa8 ..\obj\delay.o
 .debug_frame   0x000000a8       0x48 ..\obj\startup_stm32f4xx.o
 .debug_frame   0x000000f0       0x30 ..\obj\main.o
 .debug_frame   0x00000120      0x4d8 ..\obj\stm32f4xx_rcc.o
 .debug_frame   0x000005f8       0xac ..\obj\kbd_4x4.o
 .debug_frame   0x000006a4      0x358 ..\obj\lcd_hd44780.o
 .debug_frame   0x000009fc      0x19c ..\obj\stm32f4xx_gpio.o
 .debug_frame   0x00000b98      0x3b4 ..\obj\stm32f4xx_i2c.o
 .debug_frame   0x00000f4c      0x128 ..\obj\eeprom.o
 .debug_frame   0x00001074       0x30 c:/program files (x86)/gnu tools arm embedded/4.7 2013q3/bin/../lib/gcc/arm-none-eabi/4.7.4/../../../../arm-none-eabi/lib/armv7e-m\libg.a(lib_a-atoi.o)
 .debug_frame   0x000010a4       0x54 c:/program files (x86)/gnu tools arm embedded/4.7 2013q3/bin/../lib/gcc/arm-none-eabi/4.7.4/../../../../arm-none-eabi/lib/armv7e-m\libg.a(lib_a-strtol.o)
