Archive member included because of file (symbol)

c:/program files (x86)/gnu tools arm embedded/4.7 2013q3/bin/../lib/gcc/arm-none-eabi/4.7.4/../../../../arm-none-eabi/lib/armv7e-m\libg.a(lib_a-strcmp.o)
                              ..\obj\main.o (symbol from plugin) (strcmp)

Allocating common symbols
Common symbol       size              file

GPIO_InitStructure  0x8               ..\obj\lcd_hd44780.o (symbol from plugin)

Discarded input sections

 .text          0x00000000        0x0 ..\obj\delay.o (symbol from plugin)
 .data          0x00000000       0x24 C:\Users\Piotrek\AppData\Local\Temp\ccFvSevx.ltrans0.ltrans.o
 .text          0x00000000        0x0 ..\obj\startup_stm32f4xx.o (symbol from plugin)
 .text          0x00000000        0x0 ..\obj\main.o (symbol from plugin)
 .text          0x00000000        0x0 ..\obj\stm32f4xx_rcc.o (symbol from plugin)
 .text          0x00000000        0x0 ..\obj\kbd_4x4.o (symbol from plugin)
 .text          0x00000000        0x0 ..\obj\lcd_hd44780.o (symbol from plugin)
 .text          0x00000000        0x0 ..\obj\stm32f4xx_gpio.o (symbol from plugin)
 .text          0x00000000        0x0 ..\obj\system_stm32f4xx.o (symbol from plugin)
 .text          0x00000000        0x0 ..\obj\IOToggle.o (symbol from plugin)
 .text          0x00000000        0x0 ..\obj\misc.o (symbol from plugin)
 .text          0x00000000        0x0 c:/program files (x86)/gnu tools arm embedded/4.7 2013q3/bin/../lib/gcc/arm-none-eabi/4.7.4/../../../../arm-none-eabi/lib/armv7e-m\libg.a(lib_a-strcmp.o)
 .data          0x00000000        0x0 c:/program files (x86)/gnu tools arm embedded/4.7 2013q3/bin/../lib/gcc/arm-none-eabi/4.7.4/../../../../arm-none-eabi/lib/armv7e-m\libg.a(lib_a-strcmp.o)
 .bss           0x00000000        0x0 c:/program files (x86)/gnu tools arm embedded/4.7 2013q3/bin/../lib/gcc/arm-none-eabi/4.7.4/../../../../arm-none-eabi/lib/armv7e-m\libg.a(lib_a-strcmp.o)

Memory Configuration

Name             Origin             Length             Attributes
rom              0x08000000         0x00100000         xr
ram              0x20000000         0x00020000         xrw
ram1             0x10000000         0x00010000         xrw
*default*        0x00000000         0xffffffff

Linker script and memory map

                0x20020000                _eram = 0x20020000

.text           0x08000000      0xcf4
 *(.isr_vector .isr_vector.*)
 .isr_vector    0x08000000      0x188 C:\Users\Piotrek\AppData\Local\Temp\ccFvSevx.ltrans0.ltrans.o
                0x08000000                g_pfnVectors
 *(.text .text.* .gnu.linkonce.t.*)
 .text          0x08000188      0x910 C:\Users\Piotrek\AppData\Local\Temp\ccFvSevx.ltrans0.ltrans.o
                0x08000218                Reset_Handler
                0x08000288                main
 .text.strcmp   0x08000a98       0x80 c:/program files (x86)/gnu tools arm embedded/4.7 2013q3/bin/../lib/gcc/arm-none-eabi/4.7.4/../../../../arm-none-eabi/lib/armv7e-m\libg.a(lib_a-strcmp.o)
                0x08000a98                strcmp
 .text.strcmp_unaligned
                0x08000b18      0x15c c:/program files (x86)/gnu tools arm embedded/4.7 2013q3/bin/../lib/gcc/arm-none-eabi/4.7.4/../../../../arm-none-eabi/lib/armv7e-m\libg.a(lib_a-strcmp.o)
 *(.glue_7t)
 .glue_7t       0x00000000        0x0 linker stubs
 *(.glue_7)
 .glue_7        0x00000000        0x0 linker stubs
 *(.rodata .rodata* .gnu.linkonce.r.*)
 .rodata        0x08000c74       0x80 C:\Users\Piotrek\AppData\Local\Temp\ccFvSevx.ltrans0.ltrans.o

.vfp11_veneer   0x08000cf4        0x0
 .vfp11_veneer  0x00000000        0x0 linker stubs

.v4_bx          0x08000cf4        0x0
 .v4_bx         0x00000000        0x0 linker stubs

.iplt           0x08000cf4        0x0
 .iplt          0x00000000        0x0 c:/program files (x86)/gnu tools arm embedded/4.7 2013q3/bin/../lib/gcc/arm-none-eabi/4.7.4/../../../../arm-none-eabi/lib/armv7e-m\libg.a(lib_a-strcmp.o)

.rel.dyn        0x08000cf4        0x0
 .rel.iplt      0x00000000        0x0 c:/program files (x86)/gnu tools arm embedded/4.7 2013q3/bin/../lib/gcc/arm-none-eabi/4.7.4/../../../../arm-none-eabi/lib/armv7e-m\libg.a(lib_a-strcmp.o)

.ARM.extab
 *(.ARM.extab* .gnu.linkonce.armextab.*)
                0x08000cf4                __exidx_start = .

.ARM.exidx
 *(.ARM.exidx* .gnu.linkonce.armexidx.*)
                0x08000cf4                __exidx_end = .
                0x08000cf4                . = ALIGN (0x4)
                0x08000cf4                _etext = .
                0x08000cf4                _sidata = .

.data           0x20000000        0x0 load address 0x08000cf4
                0x20000000                _sdata = .
 *(.data .data.*)
                0x20000000                . = ALIGN (0x4)
                0x20000000                _edata = .

.igot.plt       0x20000000        0x0
 .igot.plt      0x00000000        0x0 c:/program files (x86)/gnu tools arm embedded/4.7 2013q3/bin/../lib/gcc/arm-none-eabi/4.7.4/../../../../arm-none-eabi/lib/armv7e-m\libg.a(lib_a-strcmp.o)

.bss            0x20000000        0x8
                0x20000000                _sbss = .
 *(.bss .bss.*)
 .bss           0x20000000        0x8 C:\Users\Piotrek\AppData\Local\Temp\ccFvSevx.ltrans0.ltrans.o
 *(COMMON)
                0x20000008                . = ALIGN (0x4)
                0x20000008                _ebss = .

.co_stack       0x20000008      0x800
                0x20000008                . = ALIGN (0x8)
 *(.co_stack .co_stack.*)
 .co_stack      0x20000008      0x800 C:\Users\Piotrek\AppData\Local\Temp\ccFvSevx.ltrans0.ltrans.o
                0x20000808                . = ALIGN (0x4)
                0x20000808                _end = .
LOAD ..\obj\delay.o
LOAD C:\Users\Piotrek\AppData\Local\Temp\ccFvSevx.ltrans0.ltrans.o
LOAD c:/program files (x86)/gnu tools arm embedded/4.7 2013q3/bin/../lib/gcc/arm-none-eabi/4.7.4/armv7e-m\libgcc.a
LOAD c:/program files (x86)/gnu tools arm embedded/4.7 2013q3/bin/../lib/gcc/arm-none-eabi/4.7.4/../../../../arm-none-eabi/lib/armv7e-m\libg.a
LOAD c:/program files (x86)/gnu tools arm embedded/4.7 2013q3/bin/../lib/gcc/arm-none-eabi/4.7.4/../../../../arm-none-eabi/lib/armv7e-m\libc.a
LOAD ..\obj\startup_stm32f4xx.o
LOAD ..\obj\main.o
LOAD ..\obj\stm32f4xx_rcc.o
LOAD ..\obj\kbd_4x4.o
LOAD ..\obj\lcd_hd44780.o
LOAD ..\obj\stm32f4xx_gpio.o
LOAD ..\obj\system_stm32f4xx.o
LOAD ..\obj\IOToggle.o
LOAD ..\obj\misc.o
START GROUP
LOAD c:/program files (x86)/gnu tools arm embedded/4.7 2013q3/bin/../lib/gcc/arm-none-eabi/4.7.4/armv7e-m\libgcc.a
LOAD c:/program files (x86)/gnu tools arm embedded/4.7 2013q3/bin/../lib/gcc/arm-none-eabi/4.7.4/../../../../arm-none-eabi/lib/armv7e-m\libg.a
LOAD c:/program files (x86)/gnu tools arm embedded/4.7 2013q3/bin/../lib/gcc/arm-none-eabi/4.7.4/../../../../arm-none-eabi/lib/armv7e-m\libc.a
END GROUP
OUTPUT(TestIO.elf elf32-littlearm)

.debug_info     0x00000000      0x857
 .debug_info    0x00000000      0x857 C:\Users\Piotrek\AppData\Local\Temp\ccFvSevx.ltrans0.ltrans.o

.debug_abbrev   0x00000000      0x259
 .debug_abbrev  0x00000000      0x259 C:\Users\Piotrek\AppData\Local\Temp\ccFvSevx.ltrans0.ltrans.o

.debug_loc      0x00000000      0x480
 .debug_loc     0x00000000      0x480 C:\Users\Piotrek\AppData\Local\Temp\ccFvSevx.ltrans0.ltrans.o

.debug_aranges  0x00000000       0x20
 .debug_aranges
                0x00000000       0x20 C:\Users\Piotrek\AppData\Local\Temp\ccFvSevx.ltrans0.ltrans.o

.debug_line     0x00000000      0x4ab
 .debug_line    0x00000000      0x4ab C:\Users\Piotrek\AppData\Local\Temp\ccFvSevx.ltrans0.ltrans.o

.debug_str      0x00000000      0x4ea
 .debug_str     0x00000000      0x4ea C:\Users\Piotrek\AppData\Local\Temp\ccFvSevx.ltrans0.ltrans.o
                                0x4fd (size before relaxing)

.comment        0x00000000       0x70
 .comment       0x00000000       0x70 C:\Users\Piotrek\AppData\Local\Temp\ccFvSevx.ltrans0.ltrans.o
                                 0x71 (size before relaxing)

.ARM.attributes
                0x00000000       0x33
 .ARM.attributes
                0x00000000       0x31 C:\Users\Piotrek\AppData\Local\Temp\ccFvSevx.ltrans0.ltrans.o
 .ARM.attributes
                0x00000031       0x2e c:/program files (x86)/gnu tools arm embedded/4.7 2013q3/bin/../lib/gcc/arm-none-eabi/4.7.4/../../../../arm-none-eabi/lib/armv7e-m\libg.a(lib_a-strcmp.o)

.debug_frame    0x00000000      0x2b8
 .debug_frame   0x00000000      0x288 C:\Users\Piotrek\AppData\Local\Temp\ccFvSevx.ltrans0.ltrans.o
 .debug_frame   0x00000288       0x30 c:/program files (x86)/gnu tools arm embedded/4.7 2013q3/bin/../lib/gcc/arm-none-eabi/4.7.4/../../../../arm-none-eabi/lib/armv7e-m\libg.a(lib_a-strcmp.o)
